Flow report for Lab3
Thu Apr 18 22:34:01 2024
Quartus Prime Version 22.1std.0 Build 915 10/25/2022 SC Lite Edition


---------------------
; Table of Contents ;
---------------------
  1. Legal Notice
  2. Flow Summary
  3. Flow Settings
  4. Flow Non-Default Global Settings
  5. Flow Elapsed Time
  6. Flow OS Summary
  7. Flow Log
  8. Flow Messages
  9. Flow Suppressed Messages



----------------
; Legal Notice ;
----------------
Copyright (C) 2022  Intel Corporation. All rights reserved.
Your use of Intel Corporation's design tools, logic functions 
and other software and tools, and any partner logic 
functions, and any output files from any of the foregoing 
(including device programming or simulation files), and any 
associated documentation or information are expressly subject 
to the terms and conditions of the Intel Program License 
Subscription Agreement, the Intel Quartus Prime License Agreement,
the Intel FPGA IP License Agreement, or other applicable license
agreement, including, without limitation, that your use is for
the sole purpose of programming logic devices manufactured by
Intel and sold by Intel or its authorized distributors.  Please
refer to the applicable agreement for further details, at
https://fpgasoftware.intel.com/eula.



+----------------------------------------------------------------------------------+
; Flow Summary                                                                     ;
+---------------------------------+------------------------------------------------+
; Flow Status                     ; Successful - Thu Apr 18 22:34:01 2024          ;
; Quartus Prime Version           ; 22.1std.0 Build 915 10/25/2022 SC Lite Edition ;
; Revision Name                   ; Lab3                                           ;
; Top-level Entity Name           ; Lab3top                                        ;
; Family                          ; Cyclone V                                      ;
; Device                          ; 5CSEMA5F31C6                                   ;
; Timing Models                   ; Final                                          ;
; Logic utilization (in ALMs)     ; 1,638 / 32,070 ( 5 % )                         ;
; Total registers                 ; 525                                            ;
; Total pins                      ; 81 / 457 ( 18 % )                              ;
; Total virtual pins              ; 0                                              ;
; Total block memory bits         ; 0 / 4,065,280 ( 0 % )                          ;
; Total DSP Blocks                ; 0 / 87 ( 0 % )                                 ;
; Total HSSI RX PCSs              ; 0                                              ;
; Total HSSI PMA RX Deserializers ; 0                                              ;
; Total HSSI TX PCSs              ; 0                                              ;
; Total HSSI PMA TX Serializers   ; 0                                              ;
; Total PLLs                      ; 0 / 6 ( 0 % )                                  ;
; Total DLLs                      ; 0 / 4 ( 0 % )                                  ;
+---------------------------------+------------------------------------------------+


+-----------------------------------------+
; Flow Settings                           ;
+-------------------+---------------------+
; Option            ; Setting             ;
+-------------------+---------------------+
; Start date & time ; 04/18/2024 22:28:23 ;
; Main task         ; Compilation         ;
; Revision Name     ; Lab3                ;
+-------------------+---------------------+


+-------------------------------------------------------------------------------------------------------------------------------------------------+
; Flow Non-Default Global Settings                                                                                                                ;
+--------------------------------------+----------------------------------------+---------------+-------------+-----------------------------------+
; Assignment Name                      ; Value                                  ; Default Value ; Entity Name ; Section Id                        ;
+--------------------------------------+----------------------------------------+---------------+-------------+-----------------------------------+
; COMPILER_SIGNATURE_ID                ; 96830616742285.171350090235228         ; --            ; --          ; --                                ;
; EDA_DESIGN_INSTANCE_NAME             ; NA                                     ; --            ; --          ; Playerplay_tb                     ;
; EDA_DESIGN_INSTANCE_NAME             ; NA                                     ; --            ; --          ; battleship_tb                     ;
; EDA_DESIGN_INSTANCE_NAME             ; NA                                     ; --            ; --          ; Epos_ships_tb                     ;
; EDA_DESIGN_INSTANCE_NAME             ; NA                                     ; --            ; --          ; Ppos_ships_tb                     ;
; EDA_DESIGN_INSTANCE_NAME             ; NA                                     ; --            ; --          ; mov_control_tb                    ;
; EDA_DESIGN_INSTANCE_NAME             ; NA                                     ; --            ; --          ; Envplay_tb                        ;
; EDA_DESIGN_INSTANCE_NAME             ; NA                                     ; --            ; --          ; check_win_lose_tb                 ;
; EDA_GENERATE_FUNCTIONAL_NETLIST      ; Off                                    ; --            ; --          ; eda_board_design_timing           ;
; EDA_GENERATE_FUNCTIONAL_NETLIST      ; Off                                    ; --            ; --          ; eda_board_design_boundary_scan    ;
; EDA_GENERATE_FUNCTIONAL_NETLIST      ; Off                                    ; --            ; --          ; eda_board_design_signal_integrity ;
; EDA_GENERATE_FUNCTIONAL_NETLIST      ; Off                                    ; --            ; --          ; eda_board_design_symbol           ;
; EDA_NATIVELINK_SIMULATION_TEST_BENCH ; battleship_tb                          ; --            ; --          ; eda_simulation                    ;
; EDA_OUTPUT_DATA_FORMAT               ; Systemverilog Hdl                      ; --            ; --          ; eda_simulation                    ;
; EDA_SIMULATION_TOOL                  ; ModelSim (SystemVerilog)               ; <None>        ; --          ; --                                ;
; EDA_TEST_BENCH_ENABLE_STATUS         ; TEST_BENCH_MODE                        ; --            ; --          ; eda_simulation                    ;
; EDA_TEST_BENCH_FILE                  ; Playerplay_tb.sv                       ; --            ; --          ; Playerplay_tb                     ;
; EDA_TEST_BENCH_FILE                  ; battleship_tb.sv                       ; --            ; --          ; battleship_tb                     ;
; EDA_TEST_BENCH_FILE                  ; Epos_ships_tb.sv                       ; --            ; --          ; Epos_ships_tb                     ;
; EDA_TEST_BENCH_FILE                  ; Ppos_ships_tb.sv                       ; --            ; --          ; Ppos_ships_tb                     ;
; EDA_TEST_BENCH_FILE                  ; mov_control_tb.sv                      ; --            ; --          ; mov_control_tb                    ;
; EDA_TEST_BENCH_FILE                  ; Envplay_tb.sv                          ; --            ; --          ; Envplay_tb                        ;
; EDA_TEST_BENCH_FILE                  ; check_win_lose_tb.sv                   ; --            ; --          ; check_win_lose_tb                 ;
; EDA_TEST_BENCH_MODULE_NAME           ; Playerplay_tb                          ; --            ; --          ; Playerplay_tb                     ;
; EDA_TEST_BENCH_MODULE_NAME           ; battleship_tb                          ; --            ; --          ; battleship_tb                     ;
; EDA_TEST_BENCH_MODULE_NAME           ; Epos_ships_tb                          ; --            ; --          ; Epos_ships_tb                     ;
; EDA_TEST_BENCH_MODULE_NAME           ; Ppos_ships_tb                          ; --            ; --          ; Ppos_ships_tb                     ;
; EDA_TEST_BENCH_MODULE_NAME           ; mov_control_tb                         ; --            ; --          ; mov_control_tb                    ;
; EDA_TEST_BENCH_MODULE_NAME           ; Envplay_tb                             ; --            ; --          ; Envplay_tb                        ;
; EDA_TEST_BENCH_MODULE_NAME           ; check_win_lose_tb                      ; --            ; --          ; check_win_lose_tb                 ;
; EDA_TEST_BENCH_NAME                  ; Ppos_ships_tb                          ; --            ; --          ; eda_simulation                    ;
; EDA_TEST_BENCH_NAME                  ; Epos_ships_tb                          ; --            ; --          ; eda_simulation                    ;
; EDA_TEST_BENCH_NAME                  ; Playerplay_tb                          ; --            ; --          ; eda_simulation                    ;
; EDA_TEST_BENCH_NAME                  ; Envplay_tb                             ; --            ; --          ; eda_simulation                    ;
; EDA_TEST_BENCH_NAME                  ; check_win_lose_tb                      ; --            ; --          ; eda_simulation                    ;
; EDA_TEST_BENCH_NAME                  ; battleship_tb                          ; --            ; --          ; eda_simulation                    ;
; EDA_TEST_BENCH_NAME                  ; mov_control_tb                         ; --            ; --          ; eda_simulation                    ;
; EDA_TIME_SCALE                       ; 1 ps                                   ; --            ; --          ; eda_simulation                    ;
; MAX_CORE_JUNCTION_TEMP               ; 85                                     ; --            ; --          ; --                                ;
; MIN_CORE_JUNCTION_TEMP               ; 0                                      ; --            ; --          ; --                                ;
; PARTITION_COLOR                      ; -- (Not supported for targeted family) ; --            ; Lab3top     ; Top                               ;
; PARTITION_FITTER_PRESERVATION_LEVEL  ; -- (Not supported for targeted family) ; --            ; Lab3top     ; Top                               ;
; PARTITION_NETLIST_TYPE               ; -- (Not supported for targeted family) ; --            ; Lab3top     ; Top                               ;
; POWER_BOARD_THERMAL_MODEL            ; None (CONSERVATIVE)                    ; --            ; --          ; --                                ;
; POWER_PRESET_COOLING_SOLUTION        ; 23 MM HEAT SINK WITH 200 LFPM AIRFLOW  ; --            ; --          ; --                                ;
; PROJECT_OUTPUT_DIRECTORY             ; output_files                           ; --            ; --          ; --                                ;
; TOP_LEVEL_ENTITY                     ; Lab3top                                ; Lab3          ; --          ; --                                ;
+--------------------------------------+----------------------------------------+---------------+-------------+-----------------------------------+


+--------------------------------------------------------------------------------------------------------------------------+
; Flow Elapsed Time                                                                                                        ;
+----------------------+--------------+-------------------------+---------------------+------------------------------------+
; Module Name          ; Elapsed Time ; Average Processors Used ; Peak Virtual Memory ; Total CPU Time (on all processors) ;
+----------------------+--------------+-------------------------+---------------------+------------------------------------+
; Analysis & Synthesis ; 00:00:20     ; 1.0                     ; 4915 MB             ; 00:00:18                           ;
; Fitter               ; 00:04:50     ; 1.1                     ; 7279 MB             ; 00:04:48                           ;
; Assembler            ; 00:00:09     ; 1.0                     ; 4893 MB             ; 00:00:05                           ;
; Timing Analyzer      ; 00:00:13     ; 2.3                     ; 5308 MB             ; 00:00:17                           ;
; EDA Netlist Writer   ; 00:00:02     ; 1.0                     ; 4751 MB             ; 00:00:01                           ;
; Total                ; 00:05:34     ; --                      ; --                  ; 00:05:29                           ;
+----------------------+--------------+-------------------------+---------------------+------------------------------------+


+------------------------------------------------------------------------------------+
; Flow OS Summary                                                                    ;
+----------------------+------------------+------------+------------+----------------+
; Module Name          ; Machine Hostname ; OS Name    ; OS Version ; Processor type ;
+----------------------+------------------+------------+------------+----------------+
; Analysis & Synthesis ; umi              ; Windows 10 ; 10.0       ; x86_64         ;
; Fitter               ; umi              ; Windows 10 ; 10.0       ; x86_64         ;
; Assembler            ; umi              ; Windows 10 ; 10.0       ; x86_64         ;
; Timing Analyzer      ; umi              ; Windows 10 ; 10.0       ; x86_64         ;
; EDA Netlist Writer   ; umi              ; Windows 10 ; 10.0       ; x86_64         ;
+----------------------+------------------+------------+------------+----------------+


------------
; Flow Log ;
------------
quartus_map --read_settings_files=on --write_settings_files=off Lab3 -c Lab3
quartus_fit --read_settings_files=off --write_settings_files=off Lab3 -c Lab3
quartus_asm --read_settings_files=off --write_settings_files=off Lab3 -c Lab3
quartus_sta Lab3 -c Lab3
quartus_eda --read_settings_files=off --write_settings_files=off Lab3 -c Lab3



