------------------------------------------------------------
Timing Analyzer Summary
------------------------------------------------------------

Type  : Slow 1100mV 85C Model Setup 'VGAMain:VGA|clockDivider:div|clk25'
Slack : -3.048
TNS   : -64.234

Type  : Slow 1100mV 85C Model Setup 'clk'
Slack : -1.701
TNS   : -3.013

Type  : Slow 1100mV 85C Model Hold 'clk'
Slack : 0.580
TNS   : 0.000

Type  : Slow 1100mV 85C Model Hold 'VGAMain:VGA|clockDivider:div|clk25'
Slack : 0.662
TNS   : 0.000

Type  : Slow 1100mV 85C Model Minimum Pulse Width 'clk'
Slack : -0.845
TNS   : -4.286

Type  : Slow 1100mV 85C Model Minimum Pulse Width 'VGAMain:VGA|clockDivider:div|clk25'
Slack : -0.394
TNS   : -11.216

Type  : Slow 1100mV 0C Model Setup 'VGAMain:VGA|clockDivider:div|clk25'
Slack : -3.101
TNS   : -65.259

Type  : Slow 1100mV 0C Model Setup 'clk'
Slack : -1.647
TNS   : -2.948

Type  : Slow 1100mV 0C Model Hold 'clk'
Slack : 0.560
TNS   : 0.000

Type  : Slow 1100mV 0C Model Hold 'VGAMain:VGA|clockDivider:div|clk25'
Slack : 0.661
TNS   : 0.000

Type  : Slow 1100mV 0C Model Minimum Pulse Width 'clk'
Slack : -0.862
TNS   : -4.446

Type  : Slow 1100mV 0C Model Minimum Pulse Width 'VGAMain:VGA|clockDivider:div|clk25'
Slack : -0.394
TNS   : -11.231

Type  : Fast 1100mV 85C Model Setup 'VGAMain:VGA|clockDivider:div|clk25'
Slack : -1.280
TNS   : -27.088

Type  : Fast 1100mV 85C Model Setup 'clk'
Slack : -0.831
TNS   : -0.996

Type  : Fast 1100mV 85C Model Hold 'clk'
Slack : 0.298
TNS   : 0.000

Type  : Fast 1100mV 85C Model Hold 'VGAMain:VGA|clockDivider:div|clk25'
Slack : 0.352
TNS   : 0.000

Type  : Fast 1100mV 85C Model Minimum Pulse Width 'clk'
Slack : -0.737
TNS   : -3.302

Type  : Fast 1100mV 85C Model Minimum Pulse Width 'VGAMain:VGA|clockDivider:div|clk25'
Slack : 0.158
TNS   : 0.000

Type  : Fast 1100mV 0C Model Setup 'VGAMain:VGA|clockDivider:div|clk25'
Slack : -1.184
TNS   : -24.763

Type  : Fast 1100mV 0C Model Setup 'clk'
Slack : -0.692
TNS   : -0.770

Type  : Fast 1100mV 0C Model Hold 'clk'
Slack : 0.265
TNS   : 0.000

Type  : Fast 1100mV 0C Model Hold 'VGAMain:VGA|clockDivider:div|clk25'
Slack : 0.320
TNS   : 0.000

Type  : Fast 1100mV 0C Model Minimum Pulse Width 'clk'
Slack : -0.724
TNS   : -3.246

Type  : Fast 1100mV 0C Model Minimum Pulse Width 'VGAMain:VGA|clockDivider:div|clk25'
Slack : 0.155
TNS   : 0.000

------------------------------------------------------------
