------------------------------------------------------------
Timing Analyzer Summary
------------------------------------------------------------

Type  : Slow 1100mV 85C Model Setup 'VGAMain:VGA|clockDivider:div|clk25'
Slack : -2.915
TNS   : -73.433

Type  : Slow 1100mV 85C Model Setup 'clk'
Slack : -1.483
TNS   : -2.224

Type  : Slow 1100mV 85C Model Hold 'VGAMain:VGA|clockDivider:div|clk25'
Slack : 0.666
TNS   : 0.000

Type  : Slow 1100mV 85C Model Hold 'clk'
Slack : 0.740
TNS   : 0.000

Type  : Slow 1100mV 85C Model Minimum Pulse Width 'clk'
Slack : -0.872
TNS   : -3.004

Type  : Slow 1100mV 85C Model Minimum Pulse Width 'VGAMain:VGA|clockDivider:div|clk25'
Slack : -0.394
TNS   : -13.833

Type  : Slow 1100mV 0C Model Setup 'VGAMain:VGA|clockDivider:div|clk25'
Slack : -2.852
TNS   : -72.295

Type  : Slow 1100mV 0C Model Setup 'clk'
Slack : -1.441
TNS   : -2.195

Type  : Slow 1100mV 0C Model Hold 'VGAMain:VGA|clockDivider:div|clk25'
Slack : 0.657
TNS   : 0.000

Type  : Slow 1100mV 0C Model Hold 'clk'
Slack : 0.710
TNS   : 0.000

Type  : Slow 1100mV 0C Model Minimum Pulse Width 'clk'
Slack : -0.874
TNS   : -3.081

Type  : Slow 1100mV 0C Model Minimum Pulse Width 'VGAMain:VGA|clockDivider:div|clk25'
Slack : -0.394
TNS   : -13.674

Type  : Fast 1100mV 85C Model Setup 'VGAMain:VGA|clockDivider:div|clk25'
Slack : -1.283
TNS   : -31.968

Type  : Fast 1100mV 85C Model Setup 'clk'
Slack : -0.678
TNS   : -0.803

Type  : Fast 1100mV 85C Model Hold 'VGAMain:VGA|clockDivider:div|clk25'
Slack : 0.350
TNS   : 0.000

Type  : Fast 1100mV 85C Model Hold 'clk'
Slack : 0.371
TNS   : 0.000

Type  : Fast 1100mV 85C Model Minimum Pulse Width 'clk'
Slack : -0.769
TNS   : -2.372

Type  : Fast 1100mV 85C Model Minimum Pulse Width 'VGAMain:VGA|clockDivider:div|clk25'
Slack : 0.072
TNS   : 0.000

Type  : Fast 1100mV 0C Model Setup 'VGAMain:VGA|clockDivider:div|clk25'
Slack : -1.159
TNS   : -29.193

Type  : Fast 1100mV 0C Model Setup 'clk'
Slack : -0.558
TNS   : -0.642

Type  : Fast 1100mV 0C Model Hold 'VGAMain:VGA|clockDivider:div|clk25'
Slack : 0.317
TNS   : 0.000

Type  : Fast 1100mV 0C Model Hold 'clk'
Slack : 0.332
TNS   : 0.000

Type  : Fast 1100mV 0C Model Minimum Pulse Width 'clk'
Slack : -0.731
TNS   : -2.238

Type  : Fast 1100mV 0C Model Minimum Pulse Width 'VGAMain:VGA|clockDivider:div|clk25'
Slack : 0.091
TNS   : 0.000

------------------------------------------------------------
